Starting server...

--- FIRST REQUEST ---
